<testsuites id="" name="" tests="98" failures="28" skipped="51" errors="0" time="133.365584">
<testsuite name="drag-and-drop.spec.ts" timestamp="2025-07-08T05:06:45.340Z" hostname="chromium" tests="6" failures="3" skipped="2" time="97.937" errors="0">
<testcase name="Kanban Board - Drag and Drop › should drag task from Ideas to Selected column" classname="drag-and-drop.spec.ts" time="36.827">
<failure message="drag-and-drop.spec.ts:10:3 should drag task from Ideas to Selected column" type="FAILURE">
<![CDATA[  [chromium] › drag-and-drop.spec.ts:10:3 › Kanban Board - Drag and Drop › should drag task from Ideas to Selected column 

    Test timeout of 30000ms exceeded.

    Error: locator.textContent: Test timeout of 30000ms exceeded.
    Call log:
      - waiting for locator('.column:has(h2:text-is("💡 Ideas"))').first().locator('h3').first()


      17 |     
      18 |     // Get the task text for verification
    > 19 |     const taskText = await firstTask.textContent();
         |                                      ^
      20 |     
      21 |     // Find the Selected column
      22 |     const selectedColumn = page.locator('.column:has(h2:text-is("🎯 Selected"))').first();
        at C:\Repos\vibe-kanban\tests\e2e\drag-and-drop.spec.ts:19:38

    attachment #1: screenshot (image/png) ──────────────────────────────────────────────────────────
    test-results\drag-and-drop-Kanban-Board-48ec9-om-Ideas-to-Selected-column-chromium\test-failed-1.png
    ────────────────────────────────────────────────────────────────────────────────────────────────

    attachment #2: video (video/webm) ──────────────────────────────────────────────────────────────
    test-results\drag-and-drop-Kanban-Board-48ec9-om-Ideas-to-Selected-column-chromium\video.webm
    ────────────────────────────────────────────────────────────────────────────────────────────────

    Error Context: ..\..\test-results\drag-and-drop-Kanban-Board-48ec9-om-Ideas-to-Selected-column-chromium\error-context.md
]]>
</failure>
<system-out>
<![CDATA[
[[ATTACHMENT|drag-and-drop-Kanban-Board-48ec9-om-Ideas-to-Selected-column-chromium\test-failed-1.png]]

[[ATTACHMENT|drag-and-drop-Kanban-Board-48ec9-om-Ideas-to-Selected-column-chromium\video.webm]]

[[ATTACHMENT|drag-and-drop-Kanban-Board-48ec9-om-Ideas-to-Selected-column-chromium\error-context.md]]
]]>
</system-out>
</testcase>
<testcase name="Kanban Board - Drag and Drop › should drag task from Selected to In Progress column" classname="drag-and-drop.spec.ts" time="5.836">
<properties>
<property name="skip" value="">
</property>
</properties>
<skipped>
</skipped>
</testcase>
<testcase name="Kanban Board - Drag and Drop › should handle drag and drop with API errors" classname="drag-and-drop.spec.ts" time="36.872">
<failure message="drag-and-drop.spec.ts:72:3 should handle drag and drop with API errors" type="FAILURE">
<![CDATA[  [chromium] › drag-and-drop.spec.ts:72:3 › Kanban Board - Drag and Drop › should handle drag and drop with API errors 

    Test timeout of 30000ms exceeded.

    Error: locator.dragTo: Test timeout of 30000ms exceeded.
    Call log:
      - waiting for locator('.column:has(h2:text-is("💡 Ideas"))').first().locator('h3').first()


      88 |     
      89 |     // Perform drag and drop
    > 90 |     await firstTask.dragTo(selectedColumn);
         |                     ^
      91 |     
      92 |     // Wait for error handling
      93 |     await page.waitForTimeout(2000);
        at C:\Repos\vibe-kanban\tests\e2e\drag-and-drop.spec.ts:90:21

    attachment #1: screenshot (image/png) ──────────────────────────────────────────────────────────
    test-results\drag-and-drop-Kanban-Board-d7523-ag-and-drop-with-API-errors-chromium\test-failed-1.png
    ────────────────────────────────────────────────────────────────────────────────────────────────

    attachment #2: video (video/webm) ──────────────────────────────────────────────────────────────
    test-results\drag-and-drop-Kanban-Board-d7523-ag-and-drop-with-API-errors-chromium\video.webm
    ────────────────────────────────────────────────────────────────────────────────────────────────

    Error Context: ..\..\test-results\drag-and-drop-Kanban-Board-d7523-ag-and-drop-with-API-errors-chromium\error-context.md
]]>
</failure>
<system-out>
<![CDATA[
[[ATTACHMENT|drag-and-drop-Kanban-Board-d7523-ag-and-drop-with-API-errors-chromium\test-failed-1.png]]

[[ATTACHMENT|drag-and-drop-Kanban-Board-d7523-ag-and-drop-with-API-errors-chromium\video.webm]]

[[ATTACHMENT|drag-and-drop-Kanban-Board-d7523-ag-and-drop-with-API-errors-chromium\error-context.md]]
]]>
</system-out>
</testcase>
<testcase name="Kanban Board - Drag and Drop › should provide visual feedback during drag operation" classname="drag-and-drop.spec.ts" time="4.972">
</testcase>
<testcase name="Kanban Board - Drag and Drop › should maintain task order within columns" classname="drag-and-drop.spec.ts" time="3.717">
<properties>
<property name="skip" value="">
</property>
</properties>
<skipped>
</skipped>
</testcase>
<testcase name="Kanban Board - Drag and Drop › should work with keyboard navigation" classname="drag-and-drop.spec.ts" time="9.713">
<failure message="drag-and-drop.spec.ts:144:3 should work with keyboard navigation" type="FAILURE">
<![CDATA[  [chromium] › drag-and-drop.spec.ts:144:3 › Kanban Board - Drag and Drop › should work with keyboard navigation 

    Error: Timed out 5000ms waiting for expect(locator).toBeFocused()

    Locator: locator('h3').first()
    Expected: focused
    Received: inactive
    Call log:
      - Expect "toBeFocused" with timeout 5000ms
      - waiting for locator('h3').first()
        9 × locator resolved to <h3 class="font-medium text-gray-50 break-words">Ask Claude AI to make Half-Life 3 as an easter egg</h3>
          - unexpected value "inactive"


      155 |     // This test depends on keyboard accessibility implementation
      156 |     // For now, just ensure the task remains focusable
    > 157 |     await expect(firstTask).toBeFocused();
          |                             ^
      158 |   });
      159 | });
      160 |
        at C:\Repos\vibe-kanban\tests\e2e\drag-and-drop.spec.ts:157:29

    attachment #1: screenshot (image/png) ──────────────────────────────────────────────────────────
    test-results\drag-and-drop-Kanban-Board-8492d-rk-with-keyboard-navigation-chromium\test-failed-1.png
    ────────────────────────────────────────────────────────────────────────────────────────────────

    attachment #2: video (video/webm) ──────────────────────────────────────────────────────────────
    test-results\drag-and-drop-Kanban-Board-8492d-rk-with-keyboard-navigation-chromium\video.webm
    ────────────────────────────────────────────────────────────────────────────────────────────────

    Error Context: ..\..\test-results\drag-and-drop-Kanban-Board-8492d-rk-with-keyboard-navigation-chromium\error-context.md
]]>
</failure>
<system-out>
<![CDATA[
[[ATTACHMENT|drag-and-drop-Kanban-Board-8492d-rk-with-keyboard-navigation-chromium\test-failed-1.png]]

[[ATTACHMENT|drag-and-drop-Kanban-Board-8492d-rk-with-keyboard-navigation-chromium\video.webm]]

[[ATTACHMENT|drag-and-drop-Kanban-Board-8492d-rk-with-keyboard-navigation-chromium\error-context.md]]
]]>
</system-out>
</testcase>
</testsuite>
<testsuite name="kanban-basic.spec.ts" timestamp="2025-07-08T05:06:45.340Z" hostname="chromium" tests="8" failures="2" skipped="0" time="61.337" errors="0">
<testcase name="Kanban Board - Basic Functionality › should display the kanban board with all columns" classname="kanban-basic.spec.ts" time="4.404">
</testcase>
<testcase name="Kanban Board - Basic Functionality › should load and display existing tasks" classname="kanban-basic.spec.ts" time="8.724">
<failure message="kanban-basic.spec.ts:21:3 should load and display existing tasks" type="FAILURE">
<![CDATA[  [chromium] › kanban-basic.spec.ts:21:3 › Kanban Board - Basic Functionality › should load and display existing tasks 

    Error: Timed out 5000ms waiting for expect(locator).toBeVisible()

    Locator: locator('[data-testid="column-ideas"], .column:has(h2:text-is("💡 Ideas"))').first()
    Expected: visible
    Received: <element(s) not found>
    Call log:
      - Expect "toBeVisible" with timeout 5000ms
      - waiting for locator('[data-testid="column-ideas"], .column:has(h2:text-is("💡 Ideas"))').first()


      25 |     // Check that tasks are displayed in Ideas column
      26 |     const ideasColumn = page.locator('[data-testid="column-ideas"], .column:has(h2:text-is("💡 Ideas"))').first();
    > 27 |     await expect(ideasColumn).toBeVisible();
         |                               ^
      28 |     
      29 |     // Check for task content (should have sample tasks)
      30 |     const taskCards = page.locator('h3');
        at C:\Repos\vibe-kanban\tests\e2e\kanban-basic.spec.ts:27:31

    attachment #1: screenshot (image/png) ──────────────────────────────────────────────────────────
    test-results\kanban-basic-Kanban-Board--e200c--and-display-existing-tasks-chromium\test-failed-1.png
    ────────────────────────────────────────────────────────────────────────────────────────────────

    attachment #2: video (video/webm) ──────────────────────────────────────────────────────────────
    test-results\kanban-basic-Kanban-Board--e200c--and-display-existing-tasks-chromium\video.webm
    ────────────────────────────────────────────────────────────────────────────────────────────────

    Error Context: ..\..\test-results\kanban-basic-Kanban-Board--e200c--and-display-existing-tasks-chromium\error-context.md
]]>
</failure>
<system-out>
<![CDATA[
[[ATTACHMENT|kanban-basic-Kanban-Board--e200c--and-display-existing-tasks-chromium\test-failed-1.png]]

[[ATTACHMENT|kanban-basic-Kanban-Board--e200c--and-display-existing-tasks-chromium\video.webm]]

[[ATTACHMENT|kanban-basic-Kanban-Board--e200c--and-display-existing-tasks-chromium\error-context.md]]
]]>
</system-out>
</testcase>
<testcase name="Kanban Board - Basic Functionality › should open task creation modal when add button is clicked" classname="kanban-basic.spec.ts" time="5.266">
</testcase>
<testcase name="Kanban Board - Basic Functionality › should create a new task" classname="kanban-basic.spec.ts" time="2.615">
</testcase>
<testcase name="Kanban Board - Basic Functionality › should open settings modal" classname="kanban-basic.spec.ts" time="32.258">
<failure message="kanban-basic.spec.ts:66:3 should open settings modal" type="FAILURE">
<![CDATA[  [chromium] › kanban-basic.spec.ts:66:3 › Kanban Board - Basic Functionality › should open settings modal 

    Test timeout of 30000ms exceeded.

    Error: page.click: Test timeout of 30000ms exceeded.
    Call log:
      - waiting for locator('button[aria-label*="Settings"], button:has-text("Settings")')


      66 |   test('should open settings modal', async ({ page }) => {
      67 |     // Click settings button
    > 68 |     await page.click('button[aria-label*="Settings"], button:has-text("Settings")');
         |                ^
      69 |     
      70 |     // Check that settings modal is opened
      71 |     await expect(page.locator('[role="dialog"]:has-text("Settings"), .modal:has-text("Settings")')).toBeVisible();
        at C:\Repos\vibe-kanban\tests\e2e\kanban-basic.spec.ts:68:16

    attachment #1: screenshot (image/png) ──────────────────────────────────────────────────────────
    test-results\kanban-basic-Kanban-Board--317b3--should-open-settings-modal-chromium\test-failed-1.png
    ────────────────────────────────────────────────────────────────────────────────────────────────

    attachment #2: video (video/webm) ──────────────────────────────────────────────────────────────
    test-results\kanban-basic-Kanban-Board--317b3--should-open-settings-modal-chromium\video.webm
    ────────────────────────────────────────────────────────────────────────────────────────────────

    Error Context: ..\..\test-results\kanban-basic-Kanban-Board--317b3--should-open-settings-modal-chromium\error-context.md
]]>
</failure>
<system-out>
<![CDATA[
[[ATTACHMENT|kanban-basic-Kanban-Board--317b3--should-open-settings-modal-chromium\test-failed-1.png]]

[[ATTACHMENT|kanban-basic-Kanban-Board--317b3--should-open-settings-modal-chromium\video.webm]]

[[ATTACHMENT|kanban-basic-Kanban-Board--317b3--should-open-settings-modal-chromium\error-context.md]]
]]>
</system-out>
</testcase>
<testcase name="Kanban Board - Basic Functionality › should handle API errors gracefully" classname="kanban-basic.spec.ts" time="2.741">
</testcase>
<testcase name="Kanban Board - Basic Functionality › should be responsive on mobile devices" classname="kanban-basic.spec.ts" time="1.904">
</testcase>
<testcase name="Kanban Board - Basic Functionality › should maintain state after page refresh" classname="kanban-basic.spec.ts" time="3.425">
</testcase>
</testsuite>
<testsuite name="drag-and-drop.spec.ts" timestamp="2025-07-08T05:06:45.340Z" hostname="firefox" tests="6" failures="4" skipped="1" time="172.56" errors="0">
<testcase name="Kanban Board - Drag and Drop › should drag task from Ideas to Selected column" classname="drag-and-drop.spec.ts" time="32.254">
<failure message="drag-and-drop.spec.ts:10:3 should drag task from Ideas to Selected column" type="FAILURE">
<![CDATA[  [firefox] › drag-and-drop.spec.ts:10:3 › Kanban Board - Drag and Drop › should drag task from Ideas to Selected column 

    Test timeout of 30000ms exceeded.

    Error: locator.textContent: Test timeout of 30000ms exceeded.
    Call log:
      - waiting for locator('.column:has(h2:text-is("💡 Ideas"))').first().locator('h3').first()


      17 |     
      18 |     // Get the task text for verification
    > 19 |     const taskText = await firstTask.textContent();
         |                                      ^
      20 |     
      21 |     // Find the Selected column
      22 |     const selectedColumn = page.locator('.column:has(h2:text-is("🎯 Selected"))').first();
        at C:\Repos\vibe-kanban\tests\e2e\drag-and-drop.spec.ts:19:38

    attachment #1: screenshot (image/png) ──────────────────────────────────────────────────────────
    test-results\drag-and-drop-Kanban-Board-48ec9-om-Ideas-to-Selected-column-firefox\test-failed-1.png
    ────────────────────────────────────────────────────────────────────────────────────────────────

    attachment #2: video (video/webm) ──────────────────────────────────────────────────────────────
    test-results\drag-and-drop-Kanban-Board-48ec9-om-Ideas-to-Selected-column-firefox\video.webm
    ────────────────────────────────────────────────────────────────────────────────────────────────

    Error Context: ..\..\test-results\drag-and-drop-Kanban-Board-48ec9-om-Ideas-to-Selected-column-firefox\error-context.md
]]>
</failure>
<system-out>
<![CDATA[
[[ATTACHMENT|drag-and-drop-Kanban-Board-48ec9-om-Ideas-to-Selected-column-firefox\test-failed-1.png]]

[[ATTACHMENT|drag-and-drop-Kanban-Board-48ec9-om-Ideas-to-Selected-column-firefox\video.webm]]

[[ATTACHMENT|drag-and-drop-Kanban-Board-48ec9-om-Ideas-to-Selected-column-firefox\error-context.md]]
]]>
</system-out>
</testcase>
<testcase name="Kanban Board - Drag and Drop › should drag task from Selected to In Progress column" classname="drag-and-drop.spec.ts" time="55.05">
<failure message="drag-and-drop.spec.ts:42:3 should drag task from Selected to In Progress column" type="FAILURE">
<![CDATA[  [firefox] › drag-and-drop.spec.ts:42:3 › Kanban Board - Drag and Drop › should drag task from Selected to In Progress column 

    Error: Timed out 5000ms waiting for expect(locator).toContainText(expected)

    Locator: locator('h1')
    Expected string: "🚀 KanFlow"
    Received: <element(s) not found>
    Call log:
      - Expect "toContainText" with timeout 5000ms
      - waiting for locator('h1')


      4 |   test.beforeEach(async ({ page }) => {
      5 |     await page.goto('/');
    > 6 |     await expect(page.locator('h1')).toContainText('🚀 KanFlow');
        |                                      ^
      7 |     await page.waitForLoadState('networkidle');
      8 |   });
      9 |
        at C:\Repos\vibe-kanban\tests\e2e\drag-and-drop.spec.ts:6:38

    Tearing down "context" exceeded the test timeout of 30000ms.

    Error: browserContext._wrapApiCall: Test ended.
    Browser logs:

    <launching> C:\Users\mkinney\AppData\Local\ms-playwright\firefox-1488\firefox\firefox.exe -no-remote -wait-for-browser -foreground -profile C:\Users\mkinney\AppData\Local\Temp\playwright_firefoxdev_profile-FV28dm -juggler-pipe -silent
    <launched> pid=60604
    [pid=60604][err] JavaScript warning: resource://services-settings/Utils.sys.mjs, line 116: unreachable code after return statement
    [pid=60604][out] console.warn: services.settings: Ignoring preference override of remote settings server
    [pid=60604][out] console.warn: services.settings: Allow by setting MOZ_REMOTE_SETTINGS_DEVTOOLS=1 in the environment
    [pid=60604][out] 
    [pid=60604][out] Juggler listening to the pipe
    [pid=60604][out] console.error: "Warning: unrecognized command line flag" "-foreground"
    [pid=60604][err] JavaScript error: chrome://juggler/content/Helper.js, line 82: NS_ERROR_FAILURE: Component returned failure code: 0x80004005 (NS_ERROR_FAILURE) [nsIWebProgress.removeProgressListener]
    [pid=60604][out] console.error: SearchEngineSelector: "Received empty search configuration!"
    [pid=60604][out] console.error: "Received empty top sites configuration!"
    [pid=60604][out] console.error: SearchEngineSelector: "Received empty search configuration!"
    [pid=60604][out] console.error: SearchService: "#init: failure initializing search:" [Exception... "Failed to get engine data from Remote Settings"  nsresult: "0x8000ffff (NS_ERROR_UNEXPECTED)"  location: "JS frame :: resource://gre/modules/SearchEngineSelector.sys.mjs :: getEngineConfiguration :: line 100"  data: no]
    [pid=60604][out] console.error: WebExtensions: 
    [pid=60604][out]   Message: [Exception... "Failed to get engine data from Remote Settings"  nsresult: "0x8000ffff (NS_ERROR_UNEXPECTED)"  location: "JS frame :: resource://gre/modules/SearchEngineSelector.sys.mjs :: getEngineConfiguration :: line 100"  data: no]
    [pid=60604][out]   Stack:
    [pid=60604][out]     getEngineConfiguration@resource://gre/modules/SearchEngineSelector.sys.mjs:100:24
    [pid=60604][out] 
    [pid=60604][out] console.error: "Received empty top sites configuration!"
    [pid=60604][err] JavaScript error: resource://gre/modules/SearchEngineSelector.sys.mjs, line 100: NS_ERROR_UNEXPECTED: Failed to get engine data from Remote Settings
    [pid=60604][err] JavaScript error: resource://gre/modules/SearchEngineSelector.sys.mjs, line 100: NS_ERROR_UNEXPECTED: Failed to get engine data from Remote Settings
    [pid=60604][err] JavaScript error: resource://gre/modules/SearchEngineSelector.sys.mjs, line 100: NS_ERROR_UNEXPECTED: Failed to get engine data from Remote Settings
    [pid=60604][err] JavaScript error: resource://gre/modules/SearchEngineSelector.sys.mjs, line 100: NS_ERROR_UNEXPECTED: Failed to get engine data from Remote Settings
    [pid=60604][out] console.error: SearchSettings: "_write: Could not write to settings file:" (new Error("cannot write without any engine.", "resource://gre/modules/SearchSettings.sys.mjs", 328))
    [pid=60604][out] console.error: URLBar - Provider.UrlbarProviderSearchTips: [Exception... "Failed to get engine data from Remote Settings"  nsresult: "0x8000ffff (NS_ERROR_UNEXPECTED)"  location: "JS frame :: resource://gre/modules/SearchEngineSelector.sys.mjs :: getEngineConfiguration :: line 100"  data: no]
    [pid=60604] <gracefully close start>
    [pid=60604] <kill>
    [pid=60604] <will force kill>
    [pid=60604] taskkill stdout: SUCCESS: The process with PID 50684 (child process of PID 48412) has been terminated.
    SUCCESS: The process with PID 60380 (child process of PID 48412) has been terminated.
    SUCCESS: The process with PID 52332 (child process of PID 48412) has been terminated.
    SUCCESS: The process with PID 57600 (child process of PID 48412) has been terminated.
    SUCCESS: The process with PID 1856 (child process of PID 48412) has been terminated.
    SUCCESS: The process with PID 60404 (child process of PID 48412) has been terminated.
    SUCCESS: The process with PID 48412 (child process of PID 60604) has been terminated.
    SUCCESS: The process with PID 60604 (child process of PID 58556) has been terminated.


    attachment #1: screenshot (image/png) ──────────────────────────────────────────────────────────
    test-results\drag-and-drop-Kanban-Board-2c8ce-ected-to-In-Progress-column-firefox\test-failed-1.png
    ────────────────────────────────────────────────────────────────────────────────────────────────

    Error Context: ..\..\test-results\drag-and-drop-Kanban-Board-2c8ce-ected-to-In-Progress-column-firefox\error-context.md
]]>
</failure>
<system-out>
<![CDATA[
[[ATTACHMENT|drag-and-drop-Kanban-Board-2c8ce-ected-to-In-Progress-column-firefox\test-failed-1.png]]

[[ATTACHMENT|drag-and-drop-Kanban-Board-2c8ce-ected-to-In-Progress-column-firefox\error-context.md]]
]]>
</system-out>
</testcase>
<testcase name="Kanban Board - Drag and Drop › should handle drag and drop with API errors" classname="drag-and-drop.spec.ts" time="28.246">
<failure message="drag-and-drop.spec.ts:72:3 should handle drag and drop with API errors" type="FAILURE">
<![CDATA[  [firefox] › drag-and-drop.spec.ts:72:3 › Kanban Board - Drag and Drop › should handle drag and drop with API errors 

    Error: Timed out 5000ms waiting for expect(locator).toContainText(expected)

    Locator: locator('h1')
    Expected string: "🚀 KanFlow"
    Received: <element(s) not found>
    Call log:
      - Expect "toContainText" with timeout 5000ms
      - waiting for locator('h1')


      4 |   test.beforeEach(async ({ page }) => {
      5 |     await page.goto('/');
    > 6 |     await expect(page.locator('h1')).toContainText('🚀 KanFlow');
        |                                      ^
      7 |     await page.waitForLoadState('networkidle');
      8 |   });
      9 |
        at C:\Repos\vibe-kanban\tests\e2e\drag-and-drop.spec.ts:6:38

    attachment #1: screenshot (image/png) ──────────────────────────────────────────────────────────
    test-results\drag-and-drop-Kanban-Board-d7523-ag-and-drop-with-API-errors-firefox\test-failed-1.png
    ────────────────────────────────────────────────────────────────────────────────────────────────

    attachment #2: video (video/webm) ──────────────────────────────────────────────────────────────
    test-results\drag-and-drop-Kanban-Board-d7523-ag-and-drop-with-API-errors-firefox\video.webm
    ────────────────────────────────────────────────────────────────────────────────────────────────

    Error Context: ..\..\test-results\drag-and-drop-Kanban-Board-d7523-ag-and-drop-with-API-errors-firefox\error-context.md
]]>
</failure>
<system-out>
<![CDATA[
[[ATTACHMENT|drag-and-drop-Kanban-Board-d7523-ag-and-drop-with-API-errors-firefox\test-failed-1.png]]

[[ATTACHMENT|drag-and-drop-Kanban-Board-d7523-ag-and-drop-with-API-errors-firefox\video.webm]]

[[ATTACHMENT|drag-and-drop-Kanban-Board-d7523-ag-and-drop-with-API-errors-firefox\error-context.md]]
]]>
</system-out>
</testcase>
<testcase name="Kanban Board - Drag and Drop › should provide visual feedback during drag operation" classname="drag-and-drop.spec.ts" time="21.905">
</testcase>
<testcase name="Kanban Board - Drag and Drop › should maintain task order within columns" classname="drag-and-drop.spec.ts" time="19.657">
<properties>
<property name="skip" value="">
</property>
</properties>
<skipped>
</skipped>
</testcase>
<testcase name="Kanban Board - Drag and Drop › should work with keyboard navigation" classname="drag-and-drop.spec.ts" time="15.448">
<failure message="drag-and-drop.spec.ts:144:3 should work with keyboard navigation" type="FAILURE">
<![CDATA[  [firefox] › drag-and-drop.spec.ts:144:3 › Kanban Board - Drag and Drop › should work with keyboard navigation 

    Error: Timed out 5000ms waiting for expect(locator).toBeFocused()

    Locator: locator('h3').first()
    Expected: focused
    Received: inactive
    Call log:
      - Expect "toBeFocused" with timeout 5000ms
      - waiting for locator('h3').first()
        8 × locator resolved to <h3 class="font-medium text-gray-50 break-words">Ask Claude AI to make Half-Life 3 as an easter egg</h3>
          - unexpected value "inactive"


      155 |     // This test depends on keyboard accessibility implementation
      156 |     // For now, just ensure the task remains focusable
    > 157 |     await expect(firstTask).toBeFocused();
          |                             ^
      158 |   });
      159 | });
      160 |
        at C:\Repos\vibe-kanban\tests\e2e\drag-and-drop.spec.ts:157:29

    attachment #1: screenshot (image/png) ──────────────────────────────────────────────────────────
    test-results\drag-and-drop-Kanban-Board-8492d-rk-with-keyboard-navigation-firefox\test-failed-1.png
    ────────────────────────────────────────────────────────────────────────────────────────────────

    attachment #2: video (video/webm) ──────────────────────────────────────────────────────────────
    test-results\drag-and-drop-Kanban-Board-8492d-rk-with-keyboard-navigation-firefox\video.webm
    ────────────────────────────────────────────────────────────────────────────────────────────────

    Error Context: ..\..\test-results\drag-and-drop-Kanban-Board-8492d-rk-with-keyboard-navigation-firefox\error-context.md
]]>
</failure>
<system-out>
<![CDATA[
[[ATTACHMENT|drag-and-drop-Kanban-Board-8492d-rk-with-keyboard-navigation-firefox\test-failed-1.png]]

[[ATTACHMENT|drag-and-drop-Kanban-Board-8492d-rk-with-keyboard-navigation-firefox\video.webm]]

[[ATTACHMENT|drag-and-drop-Kanban-Board-8492d-rk-with-keyboard-navigation-firefox\error-context.md]]
]]>
</system-out>
</testcase>
</testsuite>
<testsuite name="kanban-basic.spec.ts" timestamp="2025-07-08T05:06:45.340Z" hostname="firefox" tests="8" failures="8" skipped="0" time="228.799" errors="0">
<testcase name="Kanban Board - Basic Functionality › should display the kanban board with all columns" classname="kanban-basic.spec.ts" time="13.412">
<failure message="kanban-basic.spec.ts:12:3 should display the kanban board with all columns" type="FAILURE">
<![CDATA[  [firefox] › kanban-basic.spec.ts:12:3 › Kanban Board - Basic Functionality › should display the kanban board with all columns 

    Error: page.goto: Target page, context or browser has been closed
    Call log:
      - navigating to "http://localhost:5173/", waiting until "load"


      4 |   test.beforeEach(async ({ page }) => {
      5 |     // Navigate to the application
    > 6 |     await page.goto('/');
        |                ^
      7 |     
      8 |     // Wait for the application to load
      9 |     await expect(page.locator('h1')).toContainText('🚀 KanFlow');
        at C:\Repos\vibe-kanban\tests\e2e\kanban-basic.spec.ts:6:16

    attachment #1: video (video/webm) ──────────────────────────────────────────────────────────────
    test-results\kanban-basic-Kanban-Board--2d021-nban-board-with-all-columns-firefox\video.webm
    ────────────────────────────────────────────────────────────────────────────────────────────────
]]>
</failure>
<system-out>
<![CDATA[
[[ATTACHMENT|kanban-basic-Kanban-Board--2d021-nban-board-with-all-columns-firefox\video.webm]]
]]>
</system-out>
</testcase>
<testcase name="Kanban Board - Basic Functionality › should load and display existing tasks" classname="kanban-basic.spec.ts" time="18.362">
<failure message="kanban-basic.spec.ts:21:3 should load and display existing tasks" type="FAILURE">
<![CDATA[  [firefox] › kanban-basic.spec.ts:21:3 › Kanban Board - Basic Functionality › should load and display existing tasks 

    Error: Timed out 5000ms waiting for expect(locator).toBeVisible()

    Locator: locator('[data-testid="column-ideas"], .column:has(h2:text-is("💡 Ideas"))').first()
    Expected: visible
    Received: <element(s) not found>
    Call log:
      - Expect "toBeVisible" with timeout 5000ms
      - waiting for locator('[data-testid="column-ideas"], .column:has(h2:text-is("💡 Ideas"))').first()


      25 |     // Check that tasks are displayed in Ideas column
      26 |     const ideasColumn = page.locator('[data-testid="column-ideas"], .column:has(h2:text-is("💡 Ideas"))').first();
    > 27 |     await expect(ideasColumn).toBeVisible();
         |                               ^
      28 |     
      29 |     // Check for task content (should have sample tasks)
      30 |     const taskCards = page.locator('h3');
        at C:\Repos\vibe-kanban\tests\e2e\kanban-basic.spec.ts:27:31

    attachment #1: screenshot (image/png) ──────────────────────────────────────────────────────────
    test-results\kanban-basic-Kanban-Board--e200c--and-display-existing-tasks-firefox\test-failed-1.png
    ────────────────────────────────────────────────────────────────────────────────────────────────

    attachment #2: video (video/webm) ──────────────────────────────────────────────────────────────
    test-results\kanban-basic-Kanban-Board--e200c--and-display-existing-tasks-firefox\video.webm
    ────────────────────────────────────────────────────────────────────────────────────────────────
]]>
</failure>
<system-out>
<![CDATA[
[[ATTACHMENT|kanban-basic-Kanban-Board--e200c--and-display-existing-tasks-firefox\test-failed-1.png]]

[[ATTACHMENT|kanban-basic-Kanban-Board--e200c--and-display-existing-tasks-firefox\video.webm]]
]]>
</system-out>
</testcase>
<testcase name="Kanban Board - Basic Functionality › should open task creation modal when add button is clicked" classname="kanban-basic.spec.ts" time="36.816">
<failure message="kanban-basic.spec.ts:34:3 should open task creation modal when add button is clicked" type="FAILURE">
<![CDATA[  [firefox] › kanban-basic.spec.ts:34:3 › Kanban Board - Basic Functionality › should open task creation modal when add button is clicked 

    Test timeout of 30000ms exceeded while running "beforeEach" hook.

      2 |
      3 | test.describe('Kanban Board - Basic Functionality', () => {
    > 4 |   test.beforeEach(async ({ page }) => {
        |        ^
      5 |     // Navigate to the application
      6 |     await page.goto('/');
      7 |     
        at C:\Repos\vibe-kanban\tests\e2e\kanban-basic.spec.ts:4:8

    attachment #1: video (video/webm) ──────────────────────────────────────────────────────────────
    test-results\kanban-basic-Kanban-Board--e9d55--when-add-button-is-clicked-firefox\video.webm
    ────────────────────────────────────────────────────────────────────────────────────────────────

    Error Context: ..\..\test-results\kanban-basic-Kanban-Board--e9d55--when-add-button-is-clicked-firefox\error-context.md
]]>
</failure>
<system-out>
<![CDATA[
[[ATTACHMENT|kanban-basic-Kanban-Board--e9d55--when-add-button-is-clicked-firefox\video.webm]]

[[ATTACHMENT|kanban-basic-Kanban-Board--e9d55--when-add-button-is-clicked-firefox\error-context.md]]
]]>
</system-out>
</testcase>
<testcase name="Kanban Board - Basic Functionality › should create a new task" classname="kanban-basic.spec.ts" time="20.406">
<failure message="kanban-basic.spec.ts:47:3 should create a new task" type="FAILURE">
<![CDATA[  [firefox] › kanban-basic.spec.ts:47:3 › Kanban Board - Basic Functionality › should create a new task 

    Error: expect.toBeVisible: Error: strict mode violation: locator('h3:has-text("Test Task from E2E")') resolved to 2 elements:
        1) <h3 class="font-medium text-gray-50 break-words">Test Task from E2E</h3> aka getByRole('heading', { name: 'Test Task from E2E' }).first()
        2) <h3 class="font-medium text-gray-50 break-words">Test Task from E2E</h3> aka getByRole('heading', { name: 'Test Task from E2E' }).nth(1)

    Call log:
      - Expect "toBeVisible" with timeout 5000ms
      - waiting for locator('h3:has-text("Test Task from E2E")')


      61 |     
      62 |     // Check that the new task appears in the Ideas column
    > 63 |     await expect(page.locator('h3:has-text("Test Task from E2E")')).toBeVisible();
         |                                                                     ^
      64 |   });
      65 |
      66 |   test('should open settings modal', async ({ page }) => {
        at C:\Repos\vibe-kanban\tests\e2e\kanban-basic.spec.ts:63:69

    attachment #1: screenshot (image/png) ──────────────────────────────────────────────────────────
    test-results\kanban-basic-Kanban-Board--beb98-ty-should-create-a-new-task-firefox\test-failed-1.png
    ────────────────────────────────────────────────────────────────────────────────────────────────

    attachment #2: video (video/webm) ──────────────────────────────────────────────────────────────
    test-results\kanban-basic-Kanban-Board--beb98-ty-should-create-a-new-task-firefox\video.webm
    ────────────────────────────────────────────────────────────────────────────────────────────────

    Error Context: ..\..\test-results\kanban-basic-Kanban-Board--beb98-ty-should-create-a-new-task-firefox\error-context.md
]]>
</failure>
<system-out>
<![CDATA[
[[ATTACHMENT|kanban-basic-Kanban-Board--beb98-ty-should-create-a-new-task-firefox\test-failed-1.png]]

[[ATTACHMENT|kanban-basic-Kanban-Board--beb98-ty-should-create-a-new-task-firefox\video.webm]]

[[ATTACHMENT|kanban-basic-Kanban-Board--beb98-ty-should-create-a-new-task-firefox\error-context.md]]
]]>
</system-out>
</testcase>
<testcase name="Kanban Board - Basic Functionality › should open settings modal" classname="kanban-basic.spec.ts" time="32.645">
<failure message="kanban-basic.spec.ts:66:3 should open settings modal" type="FAILURE">
<![CDATA[  [firefox] › kanban-basic.spec.ts:66:3 › Kanban Board - Basic Functionality › should open settings modal 

    Test timeout of 30000ms exceeded while running "beforeEach" hook.

      2 |
      3 | test.describe('Kanban Board - Basic Functionality', () => {
    > 4 |   test.beforeEach(async ({ page }) => {
        |        ^
      5 |     // Navigate to the application
      6 |     await page.goto('/');
      7 |     
        at C:\Repos\vibe-kanban\tests\e2e\kanban-basic.spec.ts:4:8

    attachment #1: screenshot (image/png) ──────────────────────────────────────────────────────────
    test-results\kanban-basic-Kanban-Board--317b3--should-open-settings-modal-firefox\test-failed-1.png
    ────────────────────────────────────────────────────────────────────────────────────────────────

    attachment #2: video (video/webm) ──────────────────────────────────────────────────────────────
    test-results\kanban-basic-Kanban-Board--317b3--should-open-settings-modal-firefox\video.webm
    ────────────────────────────────────────────────────────────────────────────────────────────────

    Error Context: ..\..\test-results\kanban-basic-Kanban-Board--317b3--should-open-settings-modal-firefox\error-context.md
]]>
</failure>
<system-out>
<![CDATA[
[[ATTACHMENT|kanban-basic-Kanban-Board--317b3--should-open-settings-modal-firefox\test-failed-1.png]]

[[ATTACHMENT|kanban-basic-Kanban-Board--317b3--should-open-settings-modal-firefox\video.webm]]

[[ATTACHMENT|kanban-basic-Kanban-Board--317b3--should-open-settings-modal-firefox\error-context.md]]
]]>
</system-out>
</testcase>
<testcase name="Kanban Board - Basic Functionality › should handle API errors gracefully" classname="kanban-basic.spec.ts" time="34.526">
<failure message="kanban-basic.spec.ts:77:3 should handle API errors gracefully" type="FAILURE">
<![CDATA[  [firefox] › kanban-basic.spec.ts:77:3 › Kanban Board - Basic Functionality › should handle API errors gracefully 

    Test timeout of 30000ms exceeded.

    Error: page.reload: Test timeout of 30000ms exceeded.
    Call log:
      - waiting for navigation until "load"
        - navigated to "http://localhost:5173/"


      86 |     
      87 |     // Reload the page to trigger the error
    > 88 |     await page.reload();
         |                ^
      89 |     
      90 |     // Check that the application doesn't crash and shows empty state
      91 |     await expect(page.locator('h1')).toContainText('🚀 KanFlow');
        at C:\Repos\vibe-kanban\tests\e2e\kanban-basic.spec.ts:88:16

    attachment #1: screenshot (image/png) ──────────────────────────────────────────────────────────
    test-results\kanban-basic-Kanban-Board--c7c9d-andle-API-errors-gracefully-firefox\test-failed-1.png
    ────────────────────────────────────────────────────────────────────────────────────────────────

    attachment #2: video (video/webm) ──────────────────────────────────────────────────────────────
    test-results\kanban-basic-Kanban-Board--c7c9d-andle-API-errors-gracefully-firefox\video.webm
    ────────────────────────────────────────────────────────────────────────────────────────────────
]]>
</failure>
<system-out>
<![CDATA[
[[ATTACHMENT|kanban-basic-Kanban-Board--c7c9d-andle-API-errors-gracefully-firefox\test-failed-1.png]]

[[ATTACHMENT|kanban-basic-Kanban-Board--c7c9d-andle-API-errors-gracefully-firefox\video.webm]]
]]>
</system-out>
</testcase>
<testcase name="Kanban Board - Basic Functionality › should be responsive on mobile devices" classname="kanban-basic.spec.ts" time="32.179">
<failure message="kanban-basic.spec.ts:97:3 should be responsive on mobile devices" type="FAILURE">
<![CDATA[  [firefox] › kanban-basic.spec.ts:97:3 › Kanban Board - Basic Functionality › should be responsive on mobile devices 

    Test timeout of 30000ms exceeded.

    Error: page.setViewportSize: Test timeout of 30000ms exceeded.

       97 |   test('should be responsive on mobile devices', async ({ page }) => {
       98 |     // Set mobile viewport
    >  99 |     await page.setViewportSize({ width: 375, height: 667 });
          |                ^
      100 |     
      101 |     // Check that the application is still functional
      102 |     await expect(page.locator('h1')).toContainText('🚀 KanFlow');
        at C:\Repos\vibe-kanban\tests\e2e\kanban-basic.spec.ts:99:16

    attachment #1: screenshot (image/png) ──────────────────────────────────────────────────────────
    test-results\kanban-basic-Kanban-Board--6dcd6-esponsive-on-mobile-devices-firefox\test-failed-1.png
    ────────────────────────────────────────────────────────────────────────────────────────────────

    attachment #2: video (video/webm) ──────────────────────────────────────────────────────────────
    test-results\kanban-basic-Kanban-Board--6dcd6-esponsive-on-mobile-devices-firefox\video.webm
    ────────────────────────────────────────────────────────────────────────────────────────────────

    Error Context: ..\..\test-results\kanban-basic-Kanban-Board--6dcd6-esponsive-on-mobile-devices-firefox\error-context.md
]]>
</failure>
<system-out>
<![CDATA[
[[ATTACHMENT|kanban-basic-Kanban-Board--6dcd6-esponsive-on-mobile-devices-firefox\test-failed-1.png]]

[[ATTACHMENT|kanban-basic-Kanban-Board--6dcd6-esponsive-on-mobile-devices-firefox\video.webm]]

[[ATTACHMENT|kanban-basic-Kanban-Board--6dcd6-esponsive-on-mobile-devices-firefox\error-context.md]]
]]>
</system-out>
</testcase>
<testcase name="Kanban Board - Basic Functionality › should maintain state after page refresh" classname="kanban-basic.spec.ts" time="40.453">
<failure message="kanban-basic.spec.ts:109:3 should maintain state after page refresh" type="FAILURE">
<![CDATA[  [firefox] › kanban-basic.spec.ts:109:3 › Kanban Board - Basic Functionality › should maintain state after page refresh 

    Test timeout of 30000ms exceeded.

    Error: page.reload: Test timeout of 30000ms exceeded.
    Call log:
      - waiting for navigation until "load"
        - navigated to "http://localhost:5173/"


      120 |     
      121 |     // Refresh the page
    > 122 |     await page.reload();
          |                ^
      123 |     await page.waitForLoadState('networkidle');
      124 |     
      125 |     // Check that the task is still there
        at C:\Repos\vibe-kanban\tests\e2e\kanban-basic.spec.ts:122:16

    attachment #1: video (video/webm) ──────────────────────────────────────────────────────────────
    test-results\kanban-basic-Kanban-Board--9e2ea-in-state-after-page-refresh-firefox\video.webm
    ────────────────────────────────────────────────────────────────────────────────────────────────
]]>
</failure>
<system-out>
<![CDATA[
[[ATTACHMENT|kanban-basic-Kanban-Board--9e2ea-in-state-after-page-refresh-firefox\video.webm]]
]]>
</system-out>
</testcase>
</testsuite>
<testsuite name="drag-and-drop.spec.ts" timestamp="2025-07-08T05:06:45.340Z" hostname="webkit" tests="6" failures="3" skipped="2" time="83.974" errors="0">
<testcase name="Kanban Board - Drag and Drop › should drag task from Ideas to Selected column" classname="drag-and-drop.spec.ts" time="31.563">
<failure message="drag-and-drop.spec.ts:10:3 should drag task from Ideas to Selected column" type="FAILURE">
<![CDATA[  [webkit] › drag-and-drop.spec.ts:10:3 › Kanban Board - Drag and Drop › should drag task from Ideas to Selected column 

    Test timeout of 30000ms exceeded.

    Error: locator.textContent: Test timeout of 30000ms exceeded.
    Call log:
      - waiting for locator('.column:has(h2:text-is("💡 Ideas"))').first().locator('h3').first()


      17 |     
      18 |     // Get the task text for verification
    > 19 |     const taskText = await firstTask.textContent();
         |                                      ^
      20 |     
      21 |     // Find the Selected column
      22 |     const selectedColumn = page.locator('.column:has(h2:text-is("🎯 Selected"))').first();
        at C:\Repos\vibe-kanban\tests\e2e\drag-and-drop.spec.ts:19:38

    attachment #1: screenshot (image/png) ──────────────────────────────────────────────────────────
    test-results\drag-and-drop-Kanban-Board-48ec9-om-Ideas-to-Selected-column-webkit\test-failed-1.png
    ────────────────────────────────────────────────────────────────────────────────────────────────

    attachment #2: video (video/webm) ──────────────────────────────────────────────────────────────
    test-results\drag-and-drop-Kanban-Board-48ec9-om-Ideas-to-Selected-column-webkit\video.webm
    ────────────────────────────────────────────────────────────────────────────────────────────────

    Error Context: ..\..\test-results\drag-and-drop-Kanban-Board-48ec9-om-Ideas-to-Selected-column-webkit\error-context.md
]]>
</failure>
<system-out>
<![CDATA[
[[ATTACHMENT|drag-and-drop-Kanban-Board-48ec9-om-Ideas-to-Selected-column-webkit\test-failed-1.png]]

[[ATTACHMENT|drag-and-drop-Kanban-Board-48ec9-om-Ideas-to-Selected-column-webkit\video.webm]]

[[ATTACHMENT|drag-and-drop-Kanban-Board-48ec9-om-Ideas-to-Selected-column-webkit\error-context.md]]
]]>
</system-out>
</testcase>
<testcase name="Kanban Board - Drag and Drop › should drag task from Selected to In Progress column" classname="drag-and-drop.spec.ts" time="3.338">
<properties>
<property name="skip" value="">
</property>
</properties>
<skipped>
</skipped>
</testcase>
<testcase name="Kanban Board - Drag and Drop › should handle drag and drop with API errors" classname="drag-and-drop.spec.ts" time="31.444">
<failure message="drag-and-drop.spec.ts:72:3 should handle drag and drop with API errors" type="FAILURE">
<![CDATA[  [webkit] › drag-and-drop.spec.ts:72:3 › Kanban Board - Drag and Drop › should handle drag and drop with API errors 

    Test timeout of 30000ms exceeded.

    Error: locator.dragTo: Test timeout of 30000ms exceeded.
    Call log:
      - waiting for locator('.column:has(h2:text-is("💡 Ideas"))').first().locator('h3').first()


      88 |     
      89 |     // Perform drag and drop
    > 90 |     await firstTask.dragTo(selectedColumn);
         |                     ^
      91 |     
      92 |     // Wait for error handling
      93 |     await page.waitForTimeout(2000);
        at C:\Repos\vibe-kanban\tests\e2e\drag-and-drop.spec.ts:90:21

    attachment #1: screenshot (image/png) ──────────────────────────────────────────────────────────
    test-results\drag-and-drop-Kanban-Board-d7523-ag-and-drop-with-API-errors-webkit\test-failed-1.png
    ────────────────────────────────────────────────────────────────────────────────────────────────

    attachment #2: video (video/webm) ──────────────────────────────────────────────────────────────
    test-results\drag-and-drop-Kanban-Board-d7523-ag-and-drop-with-API-errors-webkit\video.webm
    ────────────────────────────────────────────────────────────────────────────────────────────────

    Error Context: ..\..\test-results\drag-and-drop-Kanban-Board-d7523-ag-and-drop-with-API-errors-webkit\error-context.md
]]>
</failure>
<system-out>
<![CDATA[
[[ATTACHMENT|drag-and-drop-Kanban-Board-d7523-ag-and-drop-with-API-errors-webkit\test-failed-1.png]]

[[ATTACHMENT|drag-and-drop-Kanban-Board-d7523-ag-and-drop-with-API-errors-webkit\video.webm]]

[[ATTACHMENT|drag-and-drop-Kanban-Board-d7523-ag-and-drop-with-API-errors-webkit\error-context.md]]
]]>
</system-out>
</testcase>
<testcase name="Kanban Board - Drag and Drop › should provide visual feedback during drag operation" classname="drag-and-drop.spec.ts" time="4.412">
</testcase>
<testcase name="Kanban Board - Drag and Drop › should maintain task order within columns" classname="drag-and-drop.spec.ts" time="4.16">
<properties>
<property name="skip" value="">
</property>
</properties>
<skipped>
</skipped>
</testcase>
<testcase name="Kanban Board - Drag and Drop › should work with keyboard navigation" classname="drag-and-drop.spec.ts" time="9.057">
<failure message="drag-and-drop.spec.ts:144:3 should work with keyboard navigation" type="FAILURE">
<![CDATA[  [webkit] › drag-and-drop.spec.ts:144:3 › Kanban Board - Drag and Drop › should work with keyboard navigation 

    Error: Timed out 5000ms waiting for expect(locator).toBeFocused()

    Locator: locator('h3').first()
    Expected: focused
    Received: inactive
    Call log:
      - Expect "toBeFocused" with timeout 5000ms
      - waiting for locator('h3').first()
        8 × locator resolved to <h3 class="font-medium text-gray-50 break-words">Ask Claude AI to make Half-Life 3 as an easter egg</h3>
          - unexpected value "inactive"


      155 |     // This test depends on keyboard accessibility implementation
      156 |     // For now, just ensure the task remains focusable
    > 157 |     await expect(firstTask).toBeFocused();
          |                             ^
      158 |   });
      159 | });
      160 |
        at C:\Repos\vibe-kanban\tests\e2e\drag-and-drop.spec.ts:157:29

    attachment #1: screenshot (image/png) ──────────────────────────────────────────────────────────
    test-results\drag-and-drop-Kanban-Board-8492d-rk-with-keyboard-navigation-webkit\test-failed-1.png
    ────────────────────────────────────────────────────────────────────────────────────────────────

    attachment #2: video (video/webm) ──────────────────────────────────────────────────────────────
    test-results\drag-and-drop-Kanban-Board-8492d-rk-with-keyboard-navigation-webkit\video.webm
    ────────────────────────────────────────────────────────────────────────────────────────────────

    Error Context: ..\..\test-results\drag-and-drop-Kanban-Board-8492d-rk-with-keyboard-navigation-webkit\error-context.md
]]>
</failure>
<system-out>
<![CDATA[
[[ATTACHMENT|drag-and-drop-Kanban-Board-8492d-rk-with-keyboard-navigation-webkit\test-failed-1.png]]

[[ATTACHMENT|drag-and-drop-Kanban-Board-8492d-rk-with-keyboard-navigation-webkit\video.webm]]

[[ATTACHMENT|drag-and-drop-Kanban-Board-8492d-rk-with-keyboard-navigation-webkit\error-context.md]]
]]>
</system-out>
</testcase>
</testsuite>
<testsuite name="kanban-basic.spec.ts" timestamp="2025-07-08T05:06:45.340Z" hostname="webkit" tests="8" failures="4" skipped="0" time="79.367" errors="0">
<testcase name="Kanban Board - Basic Functionality › should display the kanban board with all columns" classname="kanban-basic.spec.ts" time="3.983">
</testcase>
<testcase name="Kanban Board - Basic Functionality › should load and display existing tasks" classname="kanban-basic.spec.ts" time="9.985">
<failure message="kanban-basic.spec.ts:21:3 should load and display existing tasks" type="FAILURE">
<![CDATA[  [webkit] › kanban-basic.spec.ts:21:3 › Kanban Board - Basic Functionality › should load and display existing tasks 

    Error: Timed out 5000ms waiting for expect(locator).toBeVisible()

    Locator: locator('[data-testid="column-ideas"], .column:has(h2:text-is("💡 Ideas"))').first()
    Expected: visible
    Received: <element(s) not found>
    Call log:
      - Expect "toBeVisible" with timeout 5000ms
      - waiting for locator('[data-testid="column-ideas"], .column:has(h2:text-is("💡 Ideas"))').first()


      25 |     // Check that tasks are displayed in Ideas column
      26 |     const ideasColumn = page.locator('[data-testid="column-ideas"], .column:has(h2:text-is("💡 Ideas"))').first();
    > 27 |     await expect(ideasColumn).toBeVisible();
         |                               ^
      28 |     
      29 |     // Check for task content (should have sample tasks)
      30 |     const taskCards = page.locator('h3');
        at C:\Repos\vibe-kanban\tests\e2e\kanban-basic.spec.ts:27:31

    attachment #1: screenshot (image/png) ──────────────────────────────────────────────────────────
    test-results\kanban-basic-Kanban-Board--e200c--and-display-existing-tasks-webkit\test-failed-1.png
    ────────────────────────────────────────────────────────────────────────────────────────────────

    attachment #2: video (video/webm) ──────────────────────────────────────────────────────────────
    test-results\kanban-basic-Kanban-Board--e200c--and-display-existing-tasks-webkit\video.webm
    ────────────────────────────────────────────────────────────────────────────────────────────────

    Error Context: ..\..\test-results\kanban-basic-Kanban-Board--e200c--and-display-existing-tasks-webkit\error-context.md
]]>
</failure>
<system-out>
<![CDATA[
[[ATTACHMENT|kanban-basic-Kanban-Board--e200c--and-display-existing-tasks-webkit\test-failed-1.png]]

[[ATTACHMENT|kanban-basic-Kanban-Board--e200c--and-display-existing-tasks-webkit\video.webm]]

[[ATTACHMENT|kanban-basic-Kanban-Board--e200c--and-display-existing-tasks-webkit\error-context.md]]
]]>
</system-out>
</testcase>
<testcase name="Kanban Board - Basic Functionality › should open task creation modal when add button is clicked" classname="kanban-basic.spec.ts" time="6.426">
</testcase>
<testcase name="Kanban Board - Basic Functionality › should create a new task" classname="kanban-basic.spec.ts" time="8.807">
<failure message="kanban-basic.spec.ts:47:3 should create a new task" type="FAILURE">
<![CDATA[  [webkit] › kanban-basic.spec.ts:47:3 › Kanban Board - Basic Functionality › should create a new task 

    Error: expect.toBeVisible: Error: strict mode violation: locator('h3:has-text("Test Task from E2E")') resolved to 3 elements:
        1) <h3 class="font-medium text-gray-50 break-words">Test Task from E2E</h3> aka getByRole('heading', { name: 'Test Task from E2E' }).first()
        2) <h3 class="font-medium text-gray-50 break-words">Test Task from E2E</h3> aka getByRole('heading', { name: 'Test Task from E2E' }).nth(1)
        3) <h3 class="font-medium text-gray-50 break-words">Test Task from E2E</h3> aka getByRole('heading', { name: 'Test Task from E2E' }).nth(2)

    Call log:
      - Expect "toBeVisible" with timeout 5000ms
      - waiting for locator('h3:has-text("Test Task from E2E")')


      61 |     
      62 |     // Check that the new task appears in the Ideas column
    > 63 |     await expect(page.locator('h3:has-text("Test Task from E2E")')).toBeVisible();
         |                                                                     ^
      64 |   });
      65 |
      66 |   test('should open settings modal', async ({ page }) => {
        at C:\Repos\vibe-kanban\tests\e2e\kanban-basic.spec.ts:63:69

    attachment #1: screenshot (image/png) ──────────────────────────────────────────────────────────
    test-results\kanban-basic-Kanban-Board--beb98-ty-should-create-a-new-task-webkit\test-failed-1.png
    ────────────────────────────────────────────────────────────────────────────────────────────────

    attachment #2: video (video/webm) ──────────────────────────────────────────────────────────────
    test-results\kanban-basic-Kanban-Board--beb98-ty-should-create-a-new-task-webkit\video.webm
    ────────────────────────────────────────────────────────────────────────────────────────────────

    Error Context: ..\..\test-results\kanban-basic-Kanban-Board--beb98-ty-should-create-a-new-task-webkit\error-context.md
]]>
</failure>
<system-out>
<![CDATA[
[[ATTACHMENT|kanban-basic-Kanban-Board--beb98-ty-should-create-a-new-task-webkit\test-failed-1.png]]

[[ATTACHMENT|kanban-basic-Kanban-Board--beb98-ty-should-create-a-new-task-webkit\video.webm]]

[[ATTACHMENT|kanban-basic-Kanban-Board--beb98-ty-should-create-a-new-task-webkit\error-context.md]]
]]>
</system-out>
</testcase>
<testcase name="Kanban Board - Basic Functionality › should open settings modal" classname="kanban-basic.spec.ts" time="30.675">
<failure message="kanban-basic.spec.ts:66:3 should open settings modal" type="FAILURE">
<![CDATA[  [webkit] › kanban-basic.spec.ts:66:3 › Kanban Board - Basic Functionality › should open settings modal 

    Test timeout of 30000ms exceeded.

    Error: page.click: Test timeout of 30000ms exceeded.
    Call log:
      - waiting for locator('button[aria-label*="Settings"], button:has-text("Settings")')


      66 |   test('should open settings modal', async ({ page }) => {
      67 |     // Click settings button
    > 68 |     await page.click('button[aria-label*="Settings"], button:has-text("Settings")');
         |                ^
      69 |     
      70 |     // Check that settings modal is opened
      71 |     await expect(page.locator('[role="dialog"]:has-text("Settings"), .modal:has-text("Settings")')).toBeVisible();
        at C:\Repos\vibe-kanban\tests\e2e\kanban-basic.spec.ts:68:16

    attachment #1: screenshot (image/png) ──────────────────────────────────────────────────────────
    test-results\kanban-basic-Kanban-Board--317b3--should-open-settings-modal-webkit\test-failed-1.png
    ────────────────────────────────────────────────────────────────────────────────────────────────

    attachment #2: video (video/webm) ──────────────────────────────────────────────────────────────
    test-results\kanban-basic-Kanban-Board--317b3--should-open-settings-modal-webkit\video.webm
    ────────────────────────────────────────────────────────────────────────────────────────────────

    Error Context: ..\..\test-results\kanban-basic-Kanban-Board--317b3--should-open-settings-modal-webkit\error-context.md
]]>
</failure>
<system-out>
<![CDATA[
[[ATTACHMENT|kanban-basic-Kanban-Board--317b3--should-open-settings-modal-webkit\test-failed-1.png]]

[[ATTACHMENT|kanban-basic-Kanban-Board--317b3--should-open-settings-modal-webkit\video.webm]]

[[ATTACHMENT|kanban-basic-Kanban-Board--317b3--should-open-settings-modal-webkit\error-context.md]]
]]>
</system-out>
</testcase>
<testcase name="Kanban Board - Basic Functionality › should handle API errors gracefully" classname="kanban-basic.spec.ts" time="5.655">
</testcase>
<testcase name="Kanban Board - Basic Functionality › should be responsive on mobile devices" classname="kanban-basic.spec.ts" time="3.254">
</testcase>
<testcase name="Kanban Board - Basic Functionality › should maintain state after page refresh" classname="kanban-basic.spec.ts" time="10.582">
<failure message="kanban-basic.spec.ts:109:3 should maintain state after page refresh" type="FAILURE">
<![CDATA[  [webkit] › kanban-basic.spec.ts:109:3 › Kanban Board - Basic Functionality › should maintain state after page refresh 

    Error: expect.toBeVisible: Error: strict mode violation: locator('h3:has-text("Persistent Test Task")') resolved to 3 elements:
        1) <h3 class="font-medium text-gray-50 break-words">Persistent Test Task</h3> aka getByRole('heading', { name: 'Persistent Test Task' }).first()
        2) <h3 class="font-medium text-gray-50 break-words">Persistent Test Task</h3> aka getByRole('heading', { name: 'Persistent Test Task' }).nth(1)
        3) <h3 class="font-medium text-gray-50 break-words">Persistent Test Task</h3> aka getByRole('heading', { name: 'Persistent Test Task' }).nth(2)

    Call log:
      - Expect "toBeVisible" with timeout 5000ms
      - waiting for locator('h3:has-text("Persistent Test Task")')


      117 |     
      118 |     // Wait for task to be created
    > 119 |     await expect(page.locator('h3:has-text("Persistent Test Task")')).toBeVisible();
          |                                                                       ^
      120 |     
      121 |     // Refresh the page
      122 |     await page.reload();
        at C:\Repos\vibe-kanban\tests\e2e\kanban-basic.spec.ts:119:71

    attachment #1: screenshot (image/png) ──────────────────────────────────────────────────────────
    test-results\kanban-basic-Kanban-Board--9e2ea-in-state-after-page-refresh-webkit\test-failed-1.png
    ────────────────────────────────────────────────────────────────────────────────────────────────

    attachment #2: video (video/webm) ──────────────────────────────────────────────────────────────
    test-results\kanban-basic-Kanban-Board--9e2ea-in-state-after-page-refresh-webkit\video.webm
    ────────────────────────────────────────────────────────────────────────────────────────────────

    Error Context: ..\..\test-results\kanban-basic-Kanban-Board--9e2ea-in-state-after-page-refresh-webkit\error-context.md
]]>
</failure>
<system-out>
<![CDATA[
[[ATTACHMENT|kanban-basic-Kanban-Board--9e2ea-in-state-after-page-refresh-webkit\test-failed-1.png]]

[[ATTACHMENT|kanban-basic-Kanban-Board--9e2ea-in-state-after-page-refresh-webkit\video.webm]]

[[ATTACHMENT|kanban-basic-Kanban-Board--9e2ea-in-state-after-page-refresh-webkit\error-context.md]]
]]>
</system-out>
</testcase>
</testsuite>
<testsuite name="drag-and-drop.spec.ts" timestamp="2025-07-08T05:06:45.340Z" hostname="Mobile Chrome" tests="6" failures="1" skipped="4" time="83.914" errors="0">
<testcase name="Kanban Board - Drag and Drop › should drag task from Ideas to Selected column" classname="drag-and-drop.spec.ts" time="32.603">
<skipped>
</skipped>
</testcase>
<testcase name="Kanban Board - Drag and Drop › should drag task from Selected to In Progress column" classname="drag-and-drop.spec.ts" time="4.233">
<properties>
<property name="skip" value="">
</property>
</properties>
<skipped>
</skipped>
</testcase>
<testcase name="Kanban Board - Drag and Drop › should handle drag and drop with API errors" classname="drag-and-drop.spec.ts" time="27.752">
<skipped>
</skipped>
</testcase>
<testcase name="Kanban Board - Drag and Drop › should provide visual feedback during drag operation" classname="drag-and-drop.spec.ts" time="3.718">
</testcase>
<testcase name="Kanban Board - Drag and Drop › should maintain task order within columns" classname="drag-and-drop.spec.ts" time="6.537">
<properties>
<property name="skip" value="">
</property>
</properties>
<skipped>
</skipped>
</testcase>
<testcase name="Kanban Board - Drag and Drop › should work with keyboard navigation" classname="drag-and-drop.spec.ts" time="9.071">
<failure message="drag-and-drop.spec.ts:144:3 should work with keyboard navigation" type="FAILURE">
<![CDATA[  [Mobile Chrome] › drag-and-drop.spec.ts:144:3 › Kanban Board - Drag and Drop › should work with keyboard navigation 

    Error: Timed out 5000ms waiting for expect(locator).toBeFocused()

    Locator: locator('h3').first()
    Expected: focused
    Received: inactive
    Call log:
      - Expect "toBeFocused" with timeout 5000ms
      - waiting for locator('h3').first()
        8 × locator resolved to <h3 class="font-medium text-gray-50 break-words">Ask Claude AI to make Half-Life 3 as an easter egg</h3>
          - unexpected value "inactive"


      155 |     // This test depends on keyboard accessibility implementation
      156 |     // For now, just ensure the task remains focusable
    > 157 |     await expect(firstTask).toBeFocused();
          |                             ^
      158 |   });
      159 | });
      160 |
        at C:\Repos\vibe-kanban\tests\e2e\drag-and-drop.spec.ts:157:29

    attachment #1: screenshot (image/png) ──────────────────────────────────────────────────────────
    test-results\drag-and-drop-Kanban-Board-8492d-rk-with-keyboard-navigation-Mobile-Chrome\test-failed-1.png
    ────────────────────────────────────────────────────────────────────────────────────────────────

    attachment #2: video (video/webm) ──────────────────────────────────────────────────────────────
    test-results\drag-and-drop-Kanban-Board-8492d-rk-with-keyboard-navigation-Mobile-Chrome\video.webm
    ────────────────────────────────────────────────────────────────────────────────────────────────

    Error Context: ..\..\test-results\drag-and-drop-Kanban-Board-8492d-rk-with-keyboard-navigation-Mobile-Chrome\error-context.md
]]>
</failure>
<system-out>
<![CDATA[
[[ATTACHMENT|drag-and-drop-Kanban-Board-8492d-rk-with-keyboard-navigation-Mobile-Chrome\test-failed-1.png]]

[[ATTACHMENT|drag-and-drop-Kanban-Board-8492d-rk-with-keyboard-navigation-Mobile-Chrome\video.webm]]

[[ATTACHMENT|drag-and-drop-Kanban-Board-8492d-rk-with-keyboard-navigation-Mobile-Chrome\error-context.md]]
]]>
</system-out>
</testcase>
</testsuite>
<testsuite name="kanban-basic.spec.ts" timestamp="2025-07-08T05:06:45.340Z" hostname="Mobile Chrome" tests="8" failures="3" skipped="1" time="55.375" errors="0">
<testcase name="Kanban Board - Basic Functionality › should display the kanban board with all columns" classname="kanban-basic.spec.ts" time="5.374">
</testcase>
<testcase name="Kanban Board - Basic Functionality › should load and display existing tasks" classname="kanban-basic.spec.ts" time="8.312">
<failure message="kanban-basic.spec.ts:21:3 should load and display existing tasks" type="FAILURE">
<![CDATA[  [Mobile Chrome] › kanban-basic.spec.ts:21:3 › Kanban Board - Basic Functionality › should load and display existing tasks 

    Error: Timed out 5000ms waiting for expect(locator).toBeVisible()

    Locator: locator('[data-testid="column-ideas"], .column:has(h2:text-is("💡 Ideas"))').first()
    Expected: visible
    Received: <element(s) not found>
    Call log:
      - Expect "toBeVisible" with timeout 5000ms
      - waiting for locator('[data-testid="column-ideas"], .column:has(h2:text-is("💡 Ideas"))').first()


      25 |     // Check that tasks are displayed in Ideas column
      26 |     const ideasColumn = page.locator('[data-testid="column-ideas"], .column:has(h2:text-is("💡 Ideas"))').first();
    > 27 |     await expect(ideasColumn).toBeVisible();
         |                               ^
      28 |     
      29 |     // Check for task content (should have sample tasks)
      30 |     const taskCards = page.locator('h3');
        at C:\Repos\vibe-kanban\tests\e2e\kanban-basic.spec.ts:27:31

    attachment #1: screenshot (image/png) ──────────────────────────────────────────────────────────
    test-results\kanban-basic-Kanban-Board--e200c--and-display-existing-tasks-Mobile-Chrome\test-failed-1.png
    ────────────────────────────────────────────────────────────────────────────────────────────────

    attachment #2: video (video/webm) ──────────────────────────────────────────────────────────────
    test-results\kanban-basic-Kanban-Board--e200c--and-display-existing-tasks-Mobile-Chrome\video.webm
    ────────────────────────────────────────────────────────────────────────────────────────────────

    Error Context: ..\..\test-results\kanban-basic-Kanban-Board--e200c--and-display-existing-tasks-Mobile-Chrome\error-context.md
]]>
</failure>
<system-out>
<![CDATA[
[[ATTACHMENT|kanban-basic-Kanban-Board--e200c--and-display-existing-tasks-Mobile-Chrome\test-failed-1.png]]

[[ATTACHMENT|kanban-basic-Kanban-Board--e200c--and-display-existing-tasks-Mobile-Chrome\video.webm]]

[[ATTACHMENT|kanban-basic-Kanban-Board--e200c--and-display-existing-tasks-Mobile-Chrome\error-context.md]]
]]>
</system-out>
</testcase>
<testcase name="Kanban Board - Basic Functionality › should open task creation modal when add button is clicked" classname="kanban-basic.spec.ts" time="4.213">
</testcase>
<testcase name="Kanban Board - Basic Functionality › should create a new task" classname="kanban-basic.spec.ts" time="3.949">
<failure message="kanban-basic.spec.ts:47:3 should create a new task" type="FAILURE">
<![CDATA[  [Mobile Chrome] › kanban-basic.spec.ts:47:3 › Kanban Board - Basic Functionality › should create a new task 

    Error: expect.toBeVisible: Error: strict mode violation: locator('h3:has-text("Test Task from E2E")') resolved to 4 elements:
        1) <h3 class="font-medium text-gray-50 break-words">Test Task from E2E</h3> aka getByRole('heading', { name: 'Test Task from E2E' }).first()
        2) <h3 class="font-medium text-gray-50 break-words">Test Task from E2E</h3> aka getByRole('heading', { name: 'Test Task from E2E' }).nth(1)
        3) <h3 class="font-medium text-gray-50 break-words">Test Task from E2E</h3> aka getByRole('heading', { name: 'Test Task from E2E' }).nth(2)
        4) <h3 class="font-medium text-gray-50 break-words">Test Task from E2E</h3> aka getByRole('heading', { name: 'Test Task from E2E' }).nth(3)

    Call log:
      - Expect "toBeVisible" with timeout 5000ms
      - waiting for locator('h3:has-text("Test Task from E2E")')


      61 |     
      62 |     // Check that the new task appears in the Ideas column
    > 63 |     await expect(page.locator('h3:has-text("Test Task from E2E")')).toBeVisible();
         |                                                                     ^
      64 |   });
      65 |
      66 |   test('should open settings modal', async ({ page }) => {
        at C:\Repos\vibe-kanban\tests\e2e\kanban-basic.spec.ts:63:69

    attachment #1: screenshot (image/png) ──────────────────────────────────────────────────────────
    test-results\kanban-basic-Kanban-Board--beb98-ty-should-create-a-new-task-Mobile-Chrome\test-failed-1.png
    ────────────────────────────────────────────────────────────────────────────────────────────────

    attachment #2: video (video/webm) ──────────────────────────────────────────────────────────────
    test-results\kanban-basic-Kanban-Board--beb98-ty-should-create-a-new-task-Mobile-Chrome\video.webm
    ────────────────────────────────────────────────────────────────────────────────────────────────

    Error Context: ..\..\test-results\kanban-basic-Kanban-Board--beb98-ty-should-create-a-new-task-Mobile-Chrome\error-context.md
]]>
</failure>
<system-out>
<![CDATA[
[[ATTACHMENT|kanban-basic-Kanban-Board--beb98-ty-should-create-a-new-task-Mobile-Chrome\test-failed-1.png]]

[[ATTACHMENT|kanban-basic-Kanban-Board--beb98-ty-should-create-a-new-task-Mobile-Chrome\video.webm]]

[[ATTACHMENT|kanban-basic-Kanban-Board--beb98-ty-should-create-a-new-task-Mobile-Chrome\error-context.md]]
]]>
</system-out>
</testcase>
<testcase name="Kanban Board - Basic Functionality › should open settings modal" classname="kanban-basic.spec.ts" time="19.924">
<skipped>
</skipped>
</testcase>
<testcase name="Kanban Board - Basic Functionality › should handle API errors gracefully" classname="kanban-basic.spec.ts" time="4.709">
</testcase>
<testcase name="Kanban Board - Basic Functionality › should be responsive on mobile devices" classname="kanban-basic.spec.ts" time="4.63">
</testcase>
<testcase name="Kanban Board - Basic Functionality › should maintain state after page refresh" classname="kanban-basic.spec.ts" time="4.264">
<failure message="kanban-basic.spec.ts:109:3 should maintain state after page refresh" type="FAILURE">
<![CDATA[  [Mobile Chrome] › kanban-basic.spec.ts:109:3 › Kanban Board - Basic Functionality › should maintain state after page refresh 

    Error: expect.toBeVisible: Error: strict mode violation: locator('h3:has-text("Persistent Test Task")') resolved to 4 elements:
        1) <h3 class="font-medium text-gray-50 break-words">Persistent Test Task</h3> aka getByRole('heading', { name: 'Persistent Test Task' }).first()
        2) <h3 class="font-medium text-gray-50 break-words">Persistent Test Task</h3> aka getByRole('heading', { name: 'Persistent Test Task' }).nth(1)
        3) <h3 class="font-medium text-gray-50 break-words">Persistent Test Task</h3> aka getByRole('heading', { name: 'Persistent Test Task' }).nth(2)
        4) <h3 class="font-medium text-gray-50 break-words">Persistent Test Task</h3> aka getByRole('heading', { name: 'Persistent Test Task' }).nth(3)

    Call log:
      - Expect "toBeVisible" with timeout 5000ms
      - waiting for locator('h3:has-text("Persistent Test Task")')


      117 |     
      118 |     // Wait for task to be created
    > 119 |     await expect(page.locator('h3:has-text("Persistent Test Task")')).toBeVisible();
          |                                                                       ^
      120 |     
      121 |     // Refresh the page
      122 |     await page.reload();
        at C:\Repos\vibe-kanban\tests\e2e\kanban-basic.spec.ts:119:71

    attachment #1: screenshot (image/png) ──────────────────────────────────────────────────────────
    test-results\kanban-basic-Kanban-Board--9e2ea-in-state-after-page-refresh-Mobile-Chrome\test-failed-1.png
    ────────────────────────────────────────────────────────────────────────────────────────────────

    attachment #2: video (video/webm) ──────────────────────────────────────────────────────────────
    test-results\kanban-basic-Kanban-Board--9e2ea-in-state-after-page-refresh-Mobile-Chrome\video.webm
    ────────────────────────────────────────────────────────────────────────────────────────────────

    Error Context: ..\..\test-results\kanban-basic-Kanban-Board--9e2ea-in-state-after-page-refresh-Mobile-Chrome\error-context.md
]]>
</failure>
<system-out>
<![CDATA[
[[ATTACHMENT|kanban-basic-Kanban-Board--9e2ea-in-state-after-page-refresh-Mobile-Chrome\test-failed-1.png]]

[[ATTACHMENT|kanban-basic-Kanban-Board--9e2ea-in-state-after-page-refresh-Mobile-Chrome\video.webm]]

[[ATTACHMENT|kanban-basic-Kanban-Board--9e2ea-in-state-after-page-refresh-Mobile-Chrome\error-context.md]]
]]>
</system-out>
</testcase>
</testsuite>
<testsuite name="drag-and-drop.spec.ts" timestamp="2025-07-08T05:06:45.340Z" hostname="Mobile Safari" tests="6" failures="0" skipped="5" time="49.15" errors="0">
<testcase name="Kanban Board - Drag and Drop › should drag task from Ideas to Selected column" classname="drag-and-drop.spec.ts" time="13.735">
<skipped>
</skipped>
</testcase>
<testcase name="Kanban Board - Drag and Drop › should drag task from Selected to In Progress column" classname="drag-and-drop.spec.ts" time="6.36">
<properties>
<property name="skip" value="">
</property>
</properties>
<skipped>
</skipped>
</testcase>
<testcase name="Kanban Board - Drag and Drop › should handle drag and drop with API errors" classname="drag-and-drop.spec.ts" time="8.697">
<skipped>
</skipped>
</testcase>
<testcase name="Kanban Board - Drag and Drop › should provide visual feedback during drag operation" classname="drag-and-drop.spec.ts" time="5.729">
</testcase>
<testcase name="Kanban Board - Drag and Drop › should maintain task order within columns" classname="drag-and-drop.spec.ts" time="7.398">
<skipped>
</skipped>
</testcase>
<testcase name="Kanban Board - Drag and Drop › should work with keyboard navigation" classname="drag-and-drop.spec.ts" time="7.231">
<skipped>
</skipped>
</testcase>
</testsuite>
<testsuite name="kanban-basic.spec.ts" timestamp="2025-07-08T05:06:45.340Z" hostname="Mobile Safari" tests="8" failures="0" skipped="8" time="7.268" errors="0">
<testcase name="Kanban Board - Basic Functionality › should display the kanban board with all columns" classname="kanban-basic.spec.ts" time="7.239">
<skipped>
</skipped>
</testcase>
<testcase name="Kanban Board - Basic Functionality › should load and display existing tasks" classname="kanban-basic.spec.ts" time="0.029">
<skipped>
</skipped>
</testcase>
<testcase name="Kanban Board - Basic Functionality › should open task creation modal when add button is clicked" classname="kanban-basic.spec.ts" time="0">
<skipped>
</skipped>
</testcase>
<testcase name="Kanban Board - Basic Functionality › should create a new task" classname="kanban-basic.spec.ts" time="0">
<skipped>
</skipped>
</testcase>
<testcase name="Kanban Board - Basic Functionality › should open settings modal" classname="kanban-basic.spec.ts" time="0">
<skipped>
</skipped>
</testcase>
<testcase name="Kanban Board - Basic Functionality › should handle API errors gracefully" classname="kanban-basic.spec.ts" time="0">
<skipped>
</skipped>
</testcase>
<testcase name="Kanban Board - Basic Functionality › should be responsive on mobile devices" classname="kanban-basic.spec.ts" time="0">
<skipped>
</skipped>
</testcase>
<testcase name="Kanban Board - Basic Functionality › should maintain state after page refresh" classname="kanban-basic.spec.ts" time="0">
<skipped>
</skipped>
</testcase>
</testsuite>
<testsuite name="drag-and-drop.spec.ts" timestamp="2025-07-08T05:06:45.340Z" hostname="Microsoft Edge" tests="6" failures="0" skipped="6" time="0" errors="0">
<testcase name="Kanban Board - Drag and Drop › should drag task from Ideas to Selected column" classname="drag-and-drop.spec.ts" time="0">
<skipped>
</skipped>
</testcase>
<testcase name="Kanban Board - Drag and Drop › should drag task from Selected to In Progress column" classname="drag-and-drop.spec.ts" time="0">
<skipped>
</skipped>
</testcase>
<testcase name="Kanban Board - Drag and Drop › should handle drag and drop with API errors" classname="drag-and-drop.spec.ts" time="0">
<skipped>
</skipped>
</testcase>
<testcase name="Kanban Board - Drag and Drop › should provide visual feedback during drag operation" classname="drag-and-drop.spec.ts" time="0">
<skipped>
</skipped>
</testcase>
<testcase name="Kanban Board - Drag and Drop › should maintain task order within columns" classname="drag-and-drop.spec.ts" time="0">
<skipped>
</skipped>
</testcase>
<testcase name="Kanban Board - Drag and Drop › should work with keyboard navigation" classname="drag-and-drop.spec.ts" time="0">
<skipped>
</skipped>
</testcase>
</testsuite>
<testsuite name="kanban-basic.spec.ts" timestamp="2025-07-08T05:06:45.340Z" hostname="Microsoft Edge" tests="8" failures="0" skipped="8" time="0" errors="0">
<testcase name="Kanban Board - Basic Functionality › should display the kanban board with all columns" classname="kanban-basic.spec.ts" time="0">
<skipped>
</skipped>
</testcase>
<testcase name="Kanban Board - Basic Functionality › should load and display existing tasks" classname="kanban-basic.spec.ts" time="0">
<skipped>
</skipped>
</testcase>
<testcase name="Kanban Board - Basic Functionality › should open task creation modal when add button is clicked" classname="kanban-basic.spec.ts" time="0">
<skipped>
</skipped>
</testcase>
<testcase name="Kanban Board - Basic Functionality › should create a new task" classname="kanban-basic.spec.ts" time="0">
<skipped>
</skipped>
</testcase>
<testcase name="Kanban Board - Basic Functionality › should open settings modal" classname="kanban-basic.spec.ts" time="0">
<skipped>
</skipped>
</testcase>
<testcase name="Kanban Board - Basic Functionality › should handle API errors gracefully" classname="kanban-basic.spec.ts" time="0">
<skipped>
</skipped>
</testcase>
<testcase name="Kanban Board - Basic Functionality › should be responsive on mobile devices" classname="kanban-basic.spec.ts" time="0">
<skipped>
</skipped>
</testcase>
<testcase name="Kanban Board - Basic Functionality › should maintain state after page refresh" classname="kanban-basic.spec.ts" time="0">
<skipped>
</skipped>
</testcase>
</testsuite>
<testsuite name="drag-and-drop.spec.ts" timestamp="2025-07-08T05:06:45.340Z" hostname="Google Chrome" tests="6" failures="0" skipped="6" time="0" errors="0">
<testcase name="Kanban Board - Drag and Drop › should drag task from Ideas to Selected column" classname="drag-and-drop.spec.ts" time="0">
<skipped>
</skipped>
</testcase>
<testcase name="Kanban Board - Drag and Drop › should drag task from Selected to In Progress column" classname="drag-and-drop.spec.ts" time="0">
<skipped>
</skipped>
</testcase>
<testcase name="Kanban Board - Drag and Drop › should handle drag and drop with API errors" classname="drag-and-drop.spec.ts" time="0">
<skipped>
</skipped>
</testcase>
<testcase name="Kanban Board - Drag and Drop › should provide visual feedback during drag operation" classname="drag-and-drop.spec.ts" time="0">
<skipped>
</skipped>
</testcase>
<testcase name="Kanban Board - Drag and Drop › should maintain task order within columns" classname="drag-and-drop.spec.ts" time="0">
<skipped>
</skipped>
</testcase>
<testcase name="Kanban Board - Drag and Drop › should work with keyboard navigation" classname="drag-and-drop.spec.ts" time="0">
<skipped>
</skipped>
</testcase>
</testsuite>
<testsuite name="kanban-basic.spec.ts" timestamp="2025-07-08T05:06:45.340Z" hostname="Google Chrome" tests="8" failures="0" skipped="8" time="0" errors="0">
<testcase name="Kanban Board - Basic Functionality › should display the kanban board with all columns" classname="kanban-basic.spec.ts" time="0">
<skipped>
</skipped>
</testcase>
<testcase name="Kanban Board - Basic Functionality › should load and display existing tasks" classname="kanban-basic.spec.ts" time="0">
<skipped>
</skipped>
</testcase>
<testcase name="Kanban Board - Basic Functionality › should open task creation modal when add button is clicked" classname="kanban-basic.spec.ts" time="0">
<skipped>
</skipped>
</testcase>
<testcase name="Kanban Board - Basic Functionality › should create a new task" classname="kanban-basic.spec.ts" time="0">
<skipped>
</skipped>
</testcase>
<testcase name="Kanban Board - Basic Functionality › should open settings modal" classname="kanban-basic.spec.ts" time="0">
<skipped>
</skipped>
</testcase>
<testcase name="Kanban Board - Basic Functionality › should handle API errors gracefully" classname="kanban-basic.spec.ts" time="0">
<skipped>
</skipped>
</testcase>
<testcase name="Kanban Board - Basic Functionality › should be responsive on mobile devices" classname="kanban-basic.spec.ts" time="0">
<skipped>
</skipped>
</testcase>
<testcase name="Kanban Board - Basic Functionality › should maintain state after page refresh" classname="kanban-basic.spec.ts" time="0">
<skipped>
</skipped>
</testcase>
</testsuite>
</testsuites>